22-May-2026 19:52:01.810 严重 [http-nio-8080-exec-3] org.apache.catalina.core.ApplicationDispatcher.invoke Servlet[jsp]的Servlet.service()抛出异常
	org.apache.jasper.JasperException: 无法为JSP编译类: 

JSP文件：[/pages/owner/property/appeal-list.jsp] 的第 [90] 行发生了一个错误
The method getStandardType() is undefined for the type PropertyFeeAppeal
87:                         <tr>
88:                             <td><%= appeal.getAppealId() != null ? appeal.getAppealId() : "" %></td>
89:                             <td><%= appeal.getBillMonth() != null ? appeal.getBillMonth() : "" %></td>
90:                             <td><%= appeal.getStandardType() != null ? appeal.getStandardType() : "物业费" %></td>
91:                             <td title="<%= appeal.getReason() != null ? appeal.getReason() : "" %>">
92:                                 <%= appeal.getReason() != null && appeal.getReason().length() > 15 ? appeal.getReason().substring(0, 15) + "..." : appeal.getReason() %>
93:                             </td>


JSP文件：[/pages/owner/property/appeal-list.jsp] 的第 [90] 行发生了一个错误
The method getStandardType() is undefined for the type PropertyFeeAppeal
87:                         <tr>
88:                             <td><%= appeal.getAppealId() != null ? appeal.getAppealId() : "" %></td>
89:                             <td><%= appeal.getBillMonth() != null ? appeal.getBillMonth() : "" %></td>
90:                             <td><%= appeal.getStandardType() != null ? appeal.getStandardType() : "物业费" %></td>
91:                             <td title="<%= appeal.getReason() != null ? appeal.getReason() : "" %>">
92:                                 <%= appeal.getReason() != null && appeal.getReason().length() > 15 ? appeal.getReason().substring(0, 15) + "..." : appeal.getReason() %>
93:                             </td>


Stacktrace:
		at org.apache.jasper.compiler.DefaultErrorHandler.javacError(DefaultErrorHandler.java:70)
		at org.apache.jasper.compiler.ErrorDispatcher.javacError(ErrorDispatcher.java:189)
		at org.apache.jasper.compiler.JDTCompiler.generateClass(JDTCompiler.java:553)
		at org.apache.jasper.compiler.Compiler.compile(Compiler.java:367)
		at org.apache.jasper.compiler.Compiler.compile(Compiler.java:339)
		at org.apache.jasper.compiler.Compiler.compile(Compiler.java:325)
		at org.apache.jasper.JspCompilationContext.compile(JspCompilationContext.java:586)
		at org.apache.jasper.servlet.JspServletWrapper.service(JspServletWrapper.java:368)
		at org.apache.jasper.servlet.JspServlet.serviceJspFile(JspServlet.java:350)
		at org.apache.jasper.servlet.JspServlet.service(JspServlet.java:301)
		at jakarta.servlet.http.HttpServlet.service(HttpServlet.java:658)
		at org.apache.catalina.core.ApplicationFilterChain.internalDoFilter(ApplicationFilterChain.java:193)
		at org.apache.catalina.core.ApplicationFilterChain.doFilter(ApplicationFilterChain.java:138)
		at org.apache.tomcat.websocket.server.WsFilter.doFilter(WsFilter.java:51)
		at org.apache.catalina.core.ApplicationFilterChain.internalDoFilter(ApplicationFilterChain.java:162)
		at org.apache.catalina.core.ApplicationFilterChain.doFilter(ApplicationFilterChain.java:138)
		at org.apache.catalina.core.ApplicationDispatcher.invoke(ApplicationDispatcher.java:610)
		at org.apache.catalina.core.ApplicationDispatcher.processRequest(ApplicationDispatcher.java:392)
		at org.apache.catalina.core.ApplicationDispatcher.doForward(ApplicationDispatcher.java:321)
		at org.apache.catalina.core.ApplicationDispatcher.forward(ApplicationDispatcher.java:266)
		at com.property.servlet.OwnerPropertyAppealServlet.list(OwnerPropertyAppealServlet.java:35)
		at java.base/jdk.internal.reflect.DirectMethodHandleAccessor.invoke(DirectMethodHandleAccessor.java:103)
		at java.base/java.lang.reflect.Method.invoke(Method.java:580)
		at com.property.servlet.BaseServlet.execute(BaseServlet.java:29)
		at com.property.servlet.BaseServlet.service(BaseServlet.java:43)
		at jakarta.servlet.http.HttpServlet.service(HttpServlet.java:658)
		at org.apache.catalina.core.ApplicationFilterChain.internalDoFilter(ApplicationFilterChain.java:193)
		at org.apache.catalina.core.ApplicationFilterChain.doFilter(ApplicationFilterChain.java:138)
		at org.apache.tomcat.websocket.server.WsFilter.doFilter(WsFilter.java:51)
		at org.apache.catalina.core.ApplicationFilterChain.internalDoFilter(ApplicationFilterChain.java:162)
		at org.apache.catalina.core.ApplicationFilterChain.doFilter(ApplicationFilterChain.java:138)
		at org.apache.catalina.filters.SetCharacterEncodingFilter.doFilter(SetCharacterEncodingFilter.java:115)
		at org.apache.catalina.core.ApplicationFilterChain.internalDoFilter(ApplicationFilterChain.java:162)
		at org.apache.catalina.core.ApplicationFilterChain.doFilter(ApplicationFilterChain.java:138)
		at org.apache.catalina.core.StandardWrapperValve.invoke(StandardWrapperValve.java:165)
		at org.apache.catalina.core.StandardContextValve.invoke(StandardContextValve.java:88)
		at org.apache.catalina.authenticator.AuthenticatorBase.invoke(AuthenticatorBase.java:492)
		at org.apache.catalina.core.StandardHostValve.invoke(StandardHostValve.java:113)
		at org.apache.catalina.valves.ErrorReportValve.invoke(ErrorReportValve.java:83)
		at org.apache.catalina.valves.AbstractAccessLogValve.invoke(AbstractAccessLogValve.java:654)
		at org.apache.catalina.core.StandardEngineValve.invoke(StandardEngineValve.java:72)
		at org.apache.catalina.connector.CoyoteAdapter.service(CoyoteAdapter.java:342)
		at org.apache.coyote.http11.Http11Processor.service(Http11Processor.java:399)
		at org.apache.coyote.AbstractProcessorLight.process(AbstractProcessorLight.java:63)
		at org.apache.coyote.AbstractProtocol$ConnectionHandler.process(AbstractProtocol.java:903)
		at org.apache.tomcat.util.net.NioEndpoint$SocketProcessor.doRun(NioEndpoint.java:1775)
		at org.apache.tomcat.util.net.SocketProcessorBase.run(SocketProcessorBase.java:52)
		at org.apache.tomcat.util.threads.ThreadPoolExecutor.runWorker(ThreadPoolExecutor.java:973)
		at org.apache.tomcat.util.threads.ThreadPoolExecutor$Worker.run(ThreadPoolExecutor.java:491)
		at org.apache.tomcat.util.threads.TaskThread$WrappingRunnable.run(TaskThread.java:63)
		at java.base/java.lang.Thread.run(Thread.java:1583)
22-May-2026 19:52:01.817 严重 [http-nio-8080-exec-3] org.apache.catalina.core.StandardWrapperValve.invoke 在路径为[/webapp]的上下文中，Servlet[com.property.servlet.OwnerPropertyAppealServlet]的Servlet.service（）引发了具有根本原因的异常[java.lang.reflect.InvocationTargetException]
	org.apache.jasper.JasperException: 无法为JSP编译类: 

JSP文件：[/pages/owner/property/appeal-list.jsp] 的第 [90] 行发生了一个错误
The method getStandardType() is undefined for the type PropertyFeeAppeal
87:                         <tr>
88:                             <td><%= appeal.getAppealId() != null ? appeal.getAppealId() : "" %></td>
89:                             <td><%= appeal.getBillMonth() != null ? appeal.getBillMonth() : "" %></td>
90:                             <td><%= appeal.getStandardType() != null ? appeal.getStandardType() : "物业费" %></td>
91:                             <td title="<%= appeal.getReason() != null ? appeal.getReason() : "" %>">
92:                                 <%= appeal.getReason() != null && appeal.getReason().length() > 15 ? appeal.getReason().substring(0, 15) + "..." : appeal.getReason() %>
93:                             </td>


JSP文件：[/pages/owner/property/appeal-list.jsp] 的第 [90] 行发生了一个错误
The method getStandardType() is undefined for the type PropertyFeeAppeal
87:                         <tr>
88:                             <td><%= appeal.getAppealId() != null ? appeal.getAppealId() : "" %></td>
89:                             <td><%= appeal.getBillMonth() != null ? appeal.getBillMonth() : "" %></td>
90:                             <td><%= appeal.getStandardType() != null ? appeal.getStandardType() : "物业费" %></td>
91:                             <td title="<%= appeal.getReason() != null ? appeal.getReason() : "" %>">
92:                                 <%= appeal.getReason() != null && appeal.getReason().length() > 15 ? appeal.getReason().substring(0, 15) + "..." : appeal.getReason() %>
93:                             </td>


Stacktrace:
		at org.apache.jasper.compiler.DefaultErrorHandler.javacError(DefaultErrorHandler.java:70)
		at org.apache.jasper.compiler.ErrorDispatcher.javacError(ErrorDispatcher.java:189)
		at org.apache.jasper.compiler.JDTCompiler.generateClass(JDTCompiler.java:553)
		at org.apache.jasper.compiler.Compiler.compile(Compiler.java:367)
		at org.apache.jasper.compiler.Compiler.compile(Compiler.java:339)
		at org.apache.jasper.compiler.Compiler.compile(Compiler.java:325)
		at org.apache.jasper.JspCompilationContext.compile(JspCompilationContext.java:586)
		at org.apache.jasper.servlet.JspServletWrapper.service(JspServletWrapper.java:368)
		at org.apache.jasper.servlet.JspServlet.serviceJspFile(JspServlet.java:350)
		at org.apache.jasper.servlet.JspServlet.service(JspServlet.java:301)
		at jakarta.servlet.http.HttpServlet.service(HttpServlet.java:658)
		at org.apache.catalina.core.ApplicationFilterChain.internalDoFilter(ApplicationFilterChain.java:193)
		at org.apache.catalina.core.ApplicationFilterChain.doFilter(ApplicationFilterChain.java:138)
		at org.apache.tomcat.websocket.server.WsFilter.doFilter(WsFilter.java:51)
		at org.apache.catalina.core.ApplicationFilterChain.internalDoFilter(ApplicationFilterChain.java:162)
		at org.apache.catalina.core.ApplicationFilterChain.doFilter(ApplicationFilterChain.java:138)
		at org.apache.catalina.core.ApplicationDispatcher.invoke(ApplicationDispatcher.java:610)
		at org.apache.catalina.core.ApplicationDispatcher.processRequest(ApplicationDispatcher.java:392)
		at org.apache.catalina.core.ApplicationDispatcher.doForward(ApplicationDispatcher.java:321)
		at org.apache.catalina.core.ApplicationDispatcher.forward(ApplicationDispatcher.java:266)
		at com.property.servlet.OwnerPropertyAppealServlet.list(OwnerPropertyAppealServlet.java:35)
		at java.base/jdk.internal.reflect.DirectMethodHandleAccessor.invoke(DirectMethodHandleAccessor.java:103)
		at java.base/java.lang.reflect.Method.invoke(Method.java:580)
		at com.property.servlet.BaseServlet.execute(BaseServlet.java:29)
		at com.property.servlet.BaseServlet.service(BaseServlet.java:43)
		at jakarta.servlet.http.HttpServlet.service(HttpServlet.java:658)
		at org.apache.catalina.core.ApplicationFilterChain.internalDoFilter(ApplicationFilterChain.java:193)
		at org.apache.catalina.core.ApplicationFilterChain.doFilter(ApplicationFilterChain.java:138)
		at org.apache.tomcat.websocket.server.WsFilter.doFilter(WsFilter.java:51)
		at org.apache.catalina.core.ApplicationFilterChain.internalDoFilter(ApplicationFilterChain.java:162)
		at org.apache.catalina.core.ApplicationFilterChain.doFilter(ApplicationFilterChain.java:138)
		at org.apache.catalina.filters.SetCharacterEncodingFilter.doFilter(SetCharacterEncodingFilter.java:115)
		at org.apache.catalina.core.ApplicationFilterChain.internalDoFilter(ApplicationFilterChain.java:162)
		at org.apache.catalina.core.ApplicationFilterChain.doFilter(ApplicationFilterChain.java:138)
		at org.apache.catalina.core.StandardWrapperValve.invoke(StandardWrapperValve.java:165)
		at org.apache.catalina.core.StandardContextValve.invoke(StandardContextValve.java:88)
		at org.apache.catalina.authenticator.AuthenticatorBase.invoke(AuthenticatorBase.java:492)
		at org.apache.catalina.core.StandardHostValve.invoke(StandardHostValve.java:113)
		at org.apache.catalina.valves.ErrorReportValve.invoke(ErrorReportValve.java:83)
		at org.apache.catalina.valves.AbstractAccessLogValve.invoke(AbstractAccessLogValve.java:654)
		at org.apache.catalina.core.StandardEngineValve.invoke(StandardEngineValve.java:72)
		at org.apache.catalina.connector.CoyoteAdapter.service(CoyoteAdapter.java:342)
		at org.apache.coyote.http11.Http11Processor.service(Http11Processor.java:399)
		at org.apache.coyote.AbstractProcessorLight.process(AbstractProcessorLight.java:63)
		at org.apache.coyote.AbstractProtocol$ConnectionHandler.process(AbstractProtocol.java:903)
		at org.apache.tomcat.util.net.NioEndpoint$SocketProcessor.doRun(NioEndpoint.java:1775)
		at org.apache.tomcat.util.net.SocketProcessorBase.run(SocketProcessorBase.java:52)
		at org.apache.tomcat.util.threads.ThreadPoolExecutor.runWorker(ThreadPoolExecutor.java:973)
		at org.apache.tomcat.util.threads.ThreadPoolExecutor$Worker.run(ThreadPoolExecutor.java:491)
		at org.apache.tomcat.util.threads.TaskThread$WrappingRunnable.run(TaskThread.java:63)
		at java.base/java.lang.Thread.run(Thread.java:1583)
